../Core/Src/main.c:104:5:main	160	static
../Core/Src/main.c:203:6:SystemClock_Config	88	static
../Core/Src/main.c:249:13:MX_ADC1_Init	24	static
../Core/Src/main.c:301:13:MX_CAN1_Init	8	static
../Core/Src/main.c:338:13:MX_SPI3_Init	8	static
../Core/Src/main.c:375:13:MX_UART4_Init	8	static
../Core/Src/main.c:408:13:MX_GPIO_Init	40	static
../Core/Src/main.c:445:6:StartDefaultTask	16	static
../Core/Src/main.c:464:6:HAL_TIM_PeriodElapsedCallback	16	static
../Core/Src/main.c:482:6:Error_Handler	4	static,ignoring_inline_asm
